{
  "version": "1.5.0",
  "plugins_used": [
    {
      "name": "ArtifactoryDetector"
    },
    {
      "name": "AWSKeyDetector"
    },
    {
      "name": "AzureStorageKeyDetector"
    },
    {
      "name": "Base64HighEntropyString",
      "limit": 4.5
    },
    {
      "name": "BasicAuthDetector"
    },
    {
      "name": "CloudantDetector"
    },
    {
      "name": "DiscordBotTokenDetector"
    },
    {
      "name": "GitHubTokenDetector"
    },
    {
      "name": "GitLabTokenDetector"
    },
    {
      "name": "HexHighEntropyString",
      "limit": 3.0
    },
    {
      "name": "IbmCloudIamDetector"
    },
    {
      "name": "IbmCosHmacDetector"
    },
    {
      "name": "IPPublicDetector"
    },
    {
      "name": "JwtTokenDetector"
    },
    {
      "name": "KeywordDetector",
      "keyword_exclude": ""
    },
    {
      "name": "MailchimpDetector"
    },
    {
      "name": "NpmDetector"
    },
    {
      "name": "OpenAIDetector"
    },
    {
      "name": "PrivateKeyDetector"
    },
    {
      "name": "PypiTokenDetector"
    },
    {
      "name": "SendGridDetector"
    },
    {
      "name": "SlackDetector"
    },
    {
      "name": "SoftlayerDetector"
    },
    {
      "name": "SquareOAuthDetector"
    },
    {
      "name": "StripeDetector"
    },
    {
      "name": "TelegramBotTokenDetector"
    },
    {
      "name": "TwilioKeyDetector"
    }
  ],
  "filters_used": [
    {
      "path": "detect_secrets.filters.allowlist.is_line_allowlisted"
    },
    {
      "path": "detect_secrets.filters.common.is_baseline_file",
      "filename": ".secrets.baseline"
    },
    {
      "path": "detect_secrets.filters.common.is_ignored_due_to_verification_policies",
      "min_level": 2
    },
    {
      "path": "detect_secrets.filters.heuristic.is_indirect_reference"
    },
    {
      "path": "detect_secrets.filters.heuristic.is_likely_id_string"
    },
    {
      "path": "detect_secrets.filters.heuristic.is_lock_file"
    },
    {
      "path": "detect_secrets.filters.heuristic.is_not_alphanumeric_string"
    },
    {
      "path": "detect_secrets.filters.heuristic.is_potential_uuid"
    },
    {
      "path": "detect_secrets.filters.heuristic.is_prefixed_with_dollar_sign"
    },
    {
      "path": "detect_secrets.filters.heuristic.is_sequential_string"
    },
    {
      "path": "detect_secrets.filters.heuristic.is_swagger_file"
    },
    {
      "path": "detect_secrets.filters.heuristic.is_templated_secret"
    },
    {
      "path": "detect_secrets.filters.regex.should_exclude_file",
      "pattern": [
        "^(node_modules/|backend/\\.venv/|\\.next/|package-lock\\.json|backend/migrations/versions/|admin-ui/test-results/|admin-ui/playwright-report/|coverage\\.xml|THIRD_PARTY_LICENSES\\..*\\.json)"
      ]
    }
  ],
  "results": {
    ".env.example": [
      {
        "type": "Basic Auth Credentials",
        "filename": ".env.example",
        "hashed_secret": "2f7f8ad40fbad396dabb36f64ee5890e89a89d2f",
        "is_verified": false,
        "line_number": 10
      }
    ],
    ".github/workflows/ci.yml": [
      {
        "type": "Secret Keyword",
        "filename": ".github/workflows/ci.yml",
        "hashed_secret": "2f7f8ad40fbad396dabb36f64ee5890e89a89d2f",
        "is_verified": false,
        "line_number": 75
      },
      {
        "type": "Basic Auth Credentials",
        "filename": ".github/workflows/ci.yml",
        "hashed_secret": "2f7f8ad40fbad396dabb36f64ee5890e89a89d2f",
        "is_verified": false,
        "line_number": 94
      },
      {
        "type": "Secret Keyword",
        "filename": ".github/workflows/ci.yml",
        "hashed_secret": "161f8e7dc63653fb6292582f925844ffcb61a4d6",
        "is_verified": false,
        "line_number": 96
      }
    ],
    "admin-ui/e2e/webhook-test.spec.ts": [
      {
        "type": "Secret Keyword",
        "filename": "admin-ui/e2e/webhook-test.spec.ts",
        "hashed_secret": "631a0d6c3813ee3a11e19b0a37a10ad75bbe8a0c",
        "is_verified": false,
        "line_number": 59
      }
    ],
    "admin-ui/src/app/login/page.tsx": [
      {
        "type": "Secret Keyword",
        "filename": "admin-ui/src/app/login/page.tsx",
        "hashed_secret": "7b902e6ff1db9f560443f2048974fd7d386975b0",
        "is_verified": false,
        "line_number": 52
      }
    ],
    "admin-ui/src/lib/systemStatus.ts": [
      {
        "type": "Secret Keyword",
        "filename": "admin-ui/src/lib/systemStatus.ts",
        "hashed_secret": "96de5543d183d7de52ac5fa21c46fc811f673f89",
        "is_verified": false,
        "line_number": 99
      }
    ],
    "backend/.env.example": [
      {
        "type": "Basic Auth Credentials",
        "filename": "backend/.env.example",
        "hashed_secret": "2f7f8ad40fbad396dabb36f64ee5890e89a89d2f",
        "is_verified": false,
        "line_number": 4
      }
    ],
    "backend/alembic.ini": [
      {
        "type": "Basic Auth Credentials",
        "filename": "backend/alembic.ini",
        "hashed_secret": "2f7f8ad40fbad396dabb36f64ee5890e89a89d2f",
        "is_verified": false,
        "line_number": 5
      }
    ],
    "backend/api.py": [
      {
        "type": "Secret Keyword",
        "filename": "backend/api.py",
        "hashed_secret": "7b902e6ff1db9f560443f2048974fd7d386975b0",
        "is_verified": false,
        "line_number": 100
      }
    ],
    "backend/modules/base/i18n/en.json": [
      {
        "type": "Secret Keyword",
        "filename": "backend/modules/base/i18n/en.json",
        "hashed_secret": "8be3c943b1609fffbfc51aad666d0a04adf83c9d",
        "is_verified": false,
        "line_number": 17
      },
      {
        "type": "Secret Keyword",
        "filename": "backend/modules/base/i18n/en.json",
        "hashed_secret": "3dfc30b1722d02e54e62c1976a3aa8f662ae0414",
        "is_verified": false,
        "line_number": 185
      },
      {
        "type": "Secret Keyword",
        "filename": "backend/modules/base/i18n/en.json",
        "hashed_secret": "4c29f7f0335807c2524d8c36d531496aee23f473",
        "is_verified": false,
        "line_number": 196
      },
      {
        "type": "Secret Keyword",
        "filename": "backend/modules/base/i18n/en.json",
        "hashed_secret": "d850ee188c7c55b64bc3624534de5c5051a57dc6",
        "is_verified": false,
        "line_number": 212
      },
      {
        "type": "Secret Keyword",
        "filename": "backend/modules/base/i18n/en.json",
        "hashed_secret": "f85039fd8e49f782229c7c4e0f1b3b2a0f95e9e4",
        "is_verified": false,
        "line_number": 213
      },
      {
        "type": "Secret Keyword",
        "filename": "backend/modules/base/i18n/en.json",
        "hashed_secret": "350c355e16e3d9376089bcc83dc5a8a964d9a748",
        "is_verified": false,
        "line_number": 215
      },
      {
        "type": "Secret Keyword",
        "filename": "backend/modules/base/i18n/en.json",
        "hashed_secret": "488aaded9332c5eefa9cdac33051d6ad5434c336",
        "is_verified": false,
        "line_number": 450
      },
      {
        "type": "Secret Keyword",
        "filename": "backend/modules/base/i18n/en.json",
        "hashed_secret": "600a6628a3b2816192b46de992dfffa59cb490f0",
        "is_verified": false,
        "line_number": 456
      },
      {
        "type": "Secret Keyword",
        "filename": "backend/modules/base/i18n/en.json",
        "hashed_secret": "7072ff9af1514e2837587206b0d745287a3999e7",
        "is_verified": false,
        "line_number": 504
      },
      {
        "type": "Secret Keyword",
        "filename": "backend/modules/base/i18n/en.json",
        "hashed_secret": "7675dff849c3179e3993f57ca64edbae5b45d22a",
        "is_verified": false,
        "line_number": 527
      },
      {
        "type": "Secret Keyword",
        "filename": "backend/modules/base/i18n/en.json",
        "hashed_secret": "cf678cab87dc1f7d1b95b964f15375e088461679",
        "is_verified": false,
        "line_number": 555
      },
      {
        "type": "Secret Keyword",
        "filename": "backend/modules/base/i18n/en.json",
        "hashed_secret": "29440ea9baf4b945bf3981c7211c28e643e7227b",
        "is_verified": false,
        "line_number": 556
      },
      {
        "type": "Secret Keyword",
        "filename": "backend/modules/base/i18n/en.json",
        "hashed_secret": "22f960ee99831cd10e967f1a60d2780fc4c5cf30",
        "is_verified": false,
        "line_number": 557
      }
    ],
    "backend/modules/locales/i18n/de.json": [
      {
        "type": "Secret Keyword",
        "filename": "backend/modules/locales/i18n/de.json",
        "hashed_secret": "0719708d1cc814839bd818fdc27d446652f03383",
        "is_verified": false,
        "line_number": 17
      },
      {
        "type": "Secret Keyword",
        "filename": "backend/modules/locales/i18n/de.json",
        "hashed_secret": "3dfc30b1722d02e54e62c1976a3aa8f662ae0414",
        "is_verified": false,
        "line_number": 185
      },
      {
        "type": "Secret Keyword",
        "filename": "backend/modules/locales/i18n/de.json",
        "hashed_secret": "4c29f7f0335807c2524d8c36d531496aee23f473",
        "is_verified": false,
        "line_number": 196
      },
      {
        "type": "Secret Keyword",
        "filename": "backend/modules/locales/i18n/de.json",
        "hashed_secret": "d850ee188c7c55b64bc3624534de5c5051a57dc6",
        "is_verified": false,
        "line_number": 212
      },
      {
        "type": "Secret Keyword",
        "filename": "backend/modules/locales/i18n/de.json",
        "hashed_secret": "f85039fd8e49f782229c7c4e0f1b3b2a0f95e9e4",
        "is_verified": false,
        "line_number": 213
      },
      {
        "type": "Secret Keyword",
        "filename": "backend/modules/locales/i18n/de.json",
        "hashed_secret": "350c355e16e3d9376089bcc83dc5a8a964d9a748",
        "is_verified": false,
        "line_number": 215
      },
      {
        "type": "Secret Keyword",
        "filename": "backend/modules/locales/i18n/de.json",
        "hashed_secret": "126f84e220aff0367f524ac1624f5010076444a2",
        "is_verified": false,
        "line_number": 449
      },
      {
        "type": "Secret Keyword",
        "filename": "backend/modules/locales/i18n/de.json",
        "hashed_secret": "8a739a2b427902b1c858ed0f3d4b109b7963b8b9",
        "is_verified": false,
        "line_number": 455
      },
      {
        "type": "Secret Keyword",
        "filename": "backend/modules/locales/i18n/de.json",
        "hashed_secret": "8f92cabde47f3bd648f55c6a47b383c9b8f15bfd",
        "is_verified": false,
        "line_number": 500
      },
      {
        "type": "Secret Keyword",
        "filename": "backend/modules/locales/i18n/de.json",
        "hashed_secret": "7edba0d096f1cee71652d2dcd684624cb1aede69",
        "is_verified": false,
        "line_number": 503
      },
      {
        "type": "Secret Keyword",
        "filename": "backend/modules/locales/i18n/de.json",
        "hashed_secret": "91b8cfe72b47e81f90412c29d18fc697b612b916",
        "is_verified": false,
        "line_number": 526
      },
      {
        "type": "Secret Keyword",
        "filename": "backend/modules/locales/i18n/de.json",
        "hashed_secret": "a24f75c63a48219c05df0f39831e66aa1faa6189",
        "is_verified": false,
        "line_number": 554
      },
      {
        "type": "Secret Keyword",
        "filename": "backend/modules/locales/i18n/de.json",
        "hashed_secret": "b7a6a988d3cb921c0dcd655ea68d90775e42f5f7",
        "is_verified": false,
        "line_number": 555
      },
      {
        "type": "Secret Keyword",
        "filename": "backend/modules/locales/i18n/de.json",
        "hashed_secret": "66e934a337c6a0d62f0fa2a9fb91ac57999321d2",
        "is_verified": false,
        "line_number": 556
      }
    ],
    "backend/modules/locales/i18n/fr.json": [
      {
        "type": "Secret Keyword",
        "filename": "backend/modules/locales/i18n/fr.json",
        "hashed_secret": "94e2f3ee14b92e2e675a8f6118d28738dbf5c6ba",
        "is_verified": false,
        "line_number": 17
      },
      {
        "type": "Secret Keyword",
        "filename": "backend/modules/locales/i18n/fr.json",
        "hashed_secret": "3dfc30b1722d02e54e62c1976a3aa8f662ae0414",
        "is_verified": false,
        "line_number": 185
      },
      {
        "type": "Secret Keyword",
        "filename": "backend/modules/locales/i18n/fr.json",
        "hashed_secret": "4c29f7f0335807c2524d8c36d531496aee23f473",
        "is_verified": false,
        "line_number": 196
      },
      {
        "type": "Secret Keyword",
        "filename": "backend/modules/locales/i18n/fr.json",
        "hashed_secret": "d850ee188c7c55b64bc3624534de5c5051a57dc6",
        "is_verified": false,
        "line_number": 212
      },
      {
        "type": "Secret Keyword",
        "filename": "backend/modules/locales/i18n/fr.json",
        "hashed_secret": "f85039fd8e49f782229c7c4e0f1b3b2a0f95e9e4",
        "is_verified": false,
        "line_number": 213
      },
      {
        "type": "Secret Keyword",
        "filename": "backend/modules/locales/i18n/fr.json",
        "hashed_secret": "350c355e16e3d9376089bcc83dc5a8a964d9a748",
        "is_verified": false,
        "line_number": 215
      },
      {
        "type": "Secret Keyword",
        "filename": "backend/modules/locales/i18n/fr.json",
        "hashed_secret": "cda2be466cc23d02f8514456f5507cf71ff1fa78",
        "is_verified": false,
        "line_number": 449
      },
      {
        "type": "Secret Keyword",
        "filename": "backend/modules/locales/i18n/fr.json",
        "hashed_secret": "0e0d3a6a4fbb74b0884b6d28322fbedc31a47351",
        "is_verified": false,
        "line_number": 455
      },
      {
        "type": "Secret Keyword",
        "filename": "backend/modules/locales/i18n/fr.json",
        "hashed_secret": "2cd3efe3350c5d75dcc017614f0c25a74d4d0274",
        "is_verified": false,
        "line_number": 500
      },
      {
        "type": "Secret Keyword",
        "filename": "backend/modules/locales/i18n/fr.json",
        "hashed_secret": "fd1c383c13b1a2d802df6176d04ea397ed41c79b",
        "is_verified": false,
        "line_number": 503
      },
      {
        "type": "Secret Keyword",
        "filename": "backend/modules/locales/i18n/fr.json",
        "hashed_secret": "27bbac43704b0e4e2f1b1d33ae8152b6838bd6ab",
        "is_verified": false,
        "line_number": 526
      },
      {
        "type": "Secret Keyword",
        "filename": "backend/modules/locales/i18n/fr.json",
        "hashed_secret": "b58576571f19a080a0abf5128c7a5733851bb57d",
        "is_verified": false,
        "line_number": 554
      },
      {
        "type": "Secret Keyword",
        "filename": "backend/modules/locales/i18n/fr.json",
        "hashed_secret": "d162e4ff626c36ebac97753b70035e9227c0bfa6",
        "is_verified": false,
        "line_number": 556
      }
    ],
    "backend/modules/locales/i18n/pl.json": [
      {
        "type": "Secret Keyword",
        "filename": "backend/modules/locales/i18n/pl.json",
        "hashed_secret": "f6240c78d748397cfa3a1bf65767e2e127ba877c",
        "is_verified": false,
        "line_number": 17
      },
      {
        "type": "Secret Keyword",
        "filename": "backend/modules/locales/i18n/pl.json",
        "hashed_secret": "3dfc30b1722d02e54e62c1976a3aa8f662ae0414",
        "is_verified": false,
        "line_number": 185
      },
      {
        "type": "Secret Keyword",
        "filename": "backend/modules/locales/i18n/pl.json",
        "hashed_secret": "4c29f7f0335807c2524d8c36d531496aee23f473",
        "is_verified": false,
        "line_number": 196
      },
      {
        "type": "Secret Keyword",
        "filename": "backend/modules/locales/i18n/pl.json",
        "hashed_secret": "d850ee188c7c55b64bc3624534de5c5051a57dc6",
        "is_verified": false,
        "line_number": 212
      },
      {
        "type": "Secret Keyword",
        "filename": "backend/modules/locales/i18n/pl.json",
        "hashed_secret": "f85039fd8e49f782229c7c4e0f1b3b2a0f95e9e4",
        "is_verified": false,
        "line_number": 213
      },
      {
        "type": "Secret Keyword",
        "filename": "backend/modules/locales/i18n/pl.json",
        "hashed_secret": "350c355e16e3d9376089bcc83dc5a8a964d9a748",
        "is_verified": false,
        "line_number": 215
      },
      {
        "type": "Secret Keyword",
        "filename": "backend/modules/locales/i18n/pl.json",
        "hashed_secret": "93769210f127749d562e1b1c1bfca5bb9f8f4eed",
        "is_verified": false,
        "line_number": 449
      },
      {
        "type": "Secret Keyword",
        "filename": "backend/modules/locales/i18n/pl.json",
        "hashed_secret": "c54a40604c0664b07c440f13da084e999604ea10",
        "is_verified": false,
        "line_number": 455
      },
      {
        "type": "Secret Keyword",
        "filename": "backend/modules/locales/i18n/pl.json",
        "hashed_secret": "f1a625a8fa00819ff7a55885b6c71dcec3e83743",
        "is_verified": false,
        "line_number": 500
      },
      {
        "type": "Secret Keyword",
        "filename": "backend/modules/locales/i18n/pl.json",
        "hashed_secret": "122f7f42b4fd7cb571a13bfc62392e64931fca59",
        "is_verified": false,
        "line_number": 503
      },
      {
        "type": "Secret Keyword",
        "filename": "backend/modules/locales/i18n/pl.json",
        "hashed_secret": "2c5e0d038a03b3ddb851c365923025a1b405cba7",
        "is_verified": false,
        "line_number": 526
      },
      {
        "type": "Secret Keyword",
        "filename": "backend/modules/locales/i18n/pl.json",
        "hashed_secret": "c064a19ed1b51239f1ac0ccd39bf51dc282ba1a6",
        "is_verified": false,
        "line_number": 554
      },
      {
        "type": "Secret Keyword",
        "filename": "backend/modules/locales/i18n/pl.json",
        "hashed_secret": "2324cf025ce865b677cb26f885b0974bd8d6792f",
        "is_verified": false,
        "line_number": 555
      },
      {
        "type": "Secret Keyword",
        "filename": "backend/modules/locales/i18n/pl.json",
        "hashed_secret": "4b4ada8672e42993a46668c0c87a3dcb06dff0b2",
        "is_verified": false,
        "line_number": 556
      }
    ],
    "backend/orbiteus_core/config.py": [
      {
        "type": "Basic Auth Credentials",
        "filename": "backend/orbiteus_core/config.py",
        "hashed_secret": "2f7f8ad40fbad396dabb36f64ee5890e89a89d2f",
        "is_verified": false,
        "line_number": 10
      },
      {
        "type": "Secret Keyword",
        "filename": "backend/orbiteus_core/config.py",
        "hashed_secret": "7b902e6ff1db9f560443f2048974fd7d386975b0",
        "is_verified": false,
        "line_number": 86
      }
    ],
    "backend/orbiteus_core/demo_seed.py": [
      {
        "type": "Secret Keyword",
        "filename": "backend/orbiteus_core/demo_seed.py",
        "hashed_secret": "6ea7ccdcf642953a24672d10b0d32cef576e0329",
        "is_verified": false,
        "line_number": 24
      }
    ],
    "backend/orbiteus_core/mail_settings.py": [
      {
        "type": "Secret Keyword",
        "filename": "backend/orbiteus_core/mail_settings.py",
        "hashed_secret": "188e392efce3e0afdfc43c5c6cc7a0dcb8c338ba",
        "is_verified": false,
        "line_number": 24
      }
    ],
    "backend/orbiteus_core/security/recovery_codes.py": [
      {
        "type": "Base64 High Entropy String",
        "filename": "backend/orbiteus_core/security/recovery_codes.py",
        "hashed_secret": "da66c217a5264df2a5431563f80895510a327834",
        "is_verified": false,
        "line_number": 27
      }
    ],
    "backend/orbiteus_core/ui_config.py": [
      {
        "type": "Secret Keyword",
        "filename": "backend/orbiteus_core/ui_config.py",
        "hashed_secret": "372ea08cab33e71c02c651dbc83a474d32c676ea",
        "is_verified": false,
        "line_number": 254
      }
    ],
    "backend/tests/conftest.py": [
      {
        "type": "Basic Auth Credentials",
        "filename": "backend/tests/conftest.py",
        "hashed_secret": "2f7f8ad40fbad396dabb36f64ee5890e89a89d2f",
        "is_verified": false,
        "line_number": 22
      }
    ],
    "backend/tests/test_ai_agents.py": [
      {
        "type": "Secret Keyword",
        "filename": "backend/tests/test_ai_agents.py",
        "hashed_secret": "3acfb2c2b433c0ea7ff107e33df91b18e52f960f",
        "is_verified": false,
        "line_number": 109
      }
    ],
    "backend/tests/test_auth.py": [
      {
        "type": "Secret Keyword",
        "filename": "backend/tests/test_auth.py",
        "hashed_secret": "9bc34549d565d9505b287de0cd20ac77be1d3f2c",
        "is_verified": false,
        "line_number": 22
      },
      {
        "type": "Secret Keyword",
        "filename": "backend/tests/test_auth.py",
        "hashed_secret": "6809ffccad03b80fa1fbc32c17e7e054805ec30b",
        "is_verified": false,
        "line_number": 36
      }
    ],
    "backend/tests/test_mail_settings.py": [
      {
        "type": "Secret Keyword",
        "filename": "backend/tests/test_mail_settings.py",
        "hashed_secret": "fef341f85d87439e7d91a2d465b9871ef66b5e98",
        "is_verified": false,
        "line_number": 51
      }
    ],
    "backend/tests/test_model_connectivity.py": [
      {
        "type": "Secret Keyword",
        "filename": "backend/tests/test_model_connectivity.py",
        "hashed_secret": "cfe74471cf92dca8d43434de643293798682e4b1",
        "is_verified": false,
        "line_number": 79
      }
    ],
    "backend/tests/test_rbac_v2.py": [
      {
        "type": "Secret Keyword",
        "filename": "backend/tests/test_rbac_v2.py",
        "hashed_secret": "cfe74471cf92dca8d43434de643293798682e4b1",
        "is_verified": false,
        "line_number": 57
      }
    ],
    "backend/tests/test_user_last_login.py": [
      {
        "type": "Secret Keyword",
        "filename": "backend/tests/test_user_last_login.py",
        "hashed_secret": "9bc34549d565d9505b287de0cd20ac77be1d3f2c",
        "is_verified": false,
        "line_number": 17
      }
    ],
    "backend/tests/test_user_roles.py": [
      {
        "type": "Secret Keyword",
        "filename": "backend/tests/test_user_roles.py",
        "hashed_secret": "cfe74471cf92dca8d43434de643293798682e4b1",
        "is_verified": false,
        "line_number": 24
      }
    ],
    "docker-compose.yml": [
      {
        "type": "Secret Keyword",
        "filename": "docker-compose.yml",
        "hashed_secret": "2f7f8ad40fbad396dabb36f64ee5890e89a89d2f",
        "is_verified": false,
        "line_number": 19
      },
      {
        "type": "Basic Auth Credentials",
        "filename": "docker-compose.yml",
        "hashed_secret": "2f7f8ad40fbad396dabb36f64ee5890e89a89d2f",
        "is_verified": false,
        "line_number": 55
      },
      {
        "type": "Secret Keyword",
        "filename": "docker-compose.yml",
        "hashed_secret": "161f8e7dc63653fb6292582f925844ffcb61a4d6",
        "is_verified": false,
        "line_number": 57
      }
    ],
    "docs/16-ai-recipes.md": [
      {
        "type": "Secret Keyword",
        "filename": "docs/16-ai-recipes.md",
        "hashed_secret": "50f013532a9770a2c2cfdc38b7581dd01df69b70",
        "is_verified": false,
        "line_number": 124
      }
    ],
    "packages/i18n/src/public-page-fallbacks.ts": [
      {
        "type": "Secret Keyword",
        "filename": "packages/i18n/src/public-page-fallbacks.ts",
        "hashed_secret": "3dfc30b1722d02e54e62c1976a3aa8f662ae0414",
        "is_verified": false,
        "line_number": 21
      },
      {
        "type": "Secret Keyword",
        "filename": "packages/i18n/src/public-page-fallbacks.ts",
        "hashed_secret": "4c29f7f0335807c2524d8c36d531496aee23f473",
        "is_verified": false,
        "line_number": 27
      },
      {
        "type": "Secret Keyword",
        "filename": "packages/i18n/src/public-page-fallbacks.ts",
        "hashed_secret": "8be3c943b1609fffbfc51aad666d0a04adf83c9d",
        "is_verified": false,
        "line_number": 35
      },
      {
        "type": "Secret Keyword",
        "filename": "packages/i18n/src/public-page-fallbacks.ts",
        "hashed_secret": "f85039fd8e49f782229c7c4e0f1b3b2a0f95e9e4",
        "is_verified": false,
        "line_number": 36
      },
      {
        "type": "Secret Keyword",
        "filename": "packages/i18n/src/public-page-fallbacks.ts",
        "hashed_secret": "d850ee188c7c55b64bc3624534de5c5051a57dc6",
        "is_verified": false,
        "line_number": 41
      },
      {
        "type": "Secret Keyword",
        "filename": "packages/i18n/src/public-page-fallbacks.ts",
        "hashed_secret": "350c355e16e3d9376089bcc83dc5a8a964d9a748",
        "is_verified": false,
        "line_number": 46
      }
    ],
    "scripts/backup_db.sh": [
      {
        "type": "Basic Auth Credentials",
        "filename": "scripts/backup_db.sh",
        "hashed_secret": "9d4e1e23bd5b727046a9e3b4b7db57bd8d6ee684",
        "is_verified": false,
        "line_number": 5
      }
    ],
    "tests/test_aggregate_endpoint.py": [
      {
        "type": "Secret Keyword",
        "filename": "tests/test_aggregate_endpoint.py",
        "hashed_secret": "7b902e6ff1db9f560443f2048974fd7d386975b0",
        "is_verified": false,
        "line_number": 51
      },
      {
        "type": "Secret Keyword",
        "filename": "tests/test_aggregate_endpoint.py",
        "hashed_secret": "5ba3551ca4d1d3f20cb0849c22a275ab01dcbb0a",
        "is_verified": false,
        "line_number": 68
      }
    ],
    "tests/test_ai_streaming.py": [
      {
        "type": "Secret Keyword",
        "filename": "tests/test_ai_streaming.py",
        "hashed_secret": "7b902e6ff1db9f560443f2048974fd7d386975b0",
        "is_verified": false,
        "line_number": 166
      }
    ],
    "tests/test_audit_actor_semantics.py": [
      {
        "type": "Secret Keyword",
        "filename": "tests/test_audit_actor_semantics.py",
        "hashed_secret": "5ba3551ca4d1d3f20cb0849c22a275ab01dcbb0a",
        "is_verified": false,
        "line_number": 146
      },
      {
        "type": "Secret Keyword",
        "filename": "tests/test_audit_actor_semantics.py",
        "hashed_secret": "792c5d769a23f50680f455a80106268c3e4757de",
        "is_verified": false,
        "line_number": 201
      },
      {
        "type": "Secret Keyword",
        "filename": "tests/test_audit_actor_semantics.py",
        "hashed_secret": "b04d7fabad7147c5c2684233b55243813f7b63ad",
        "is_verified": false,
        "line_number": 269
      }
    ],
    "tests/test_fk_resolution.py": [
      {
        "type": "Secret Keyword",
        "filename": "tests/test_fk_resolution.py",
        "hashed_secret": "7b902e6ff1db9f560443f2048974fd7d386975b0",
        "is_verified": false,
        "line_number": 52
      }
    ],
    "tests/test_multi_tenant_isolation.py": [
      {
        "type": "Secret Keyword",
        "filename": "tests/test_multi_tenant_isolation.py",
        "hashed_secret": "5ba3551ca4d1d3f20cb0849c22a275ab01dcbb0a",
        "is_verified": false,
        "line_number": 55
      }
    ],
    "tests/test_password_reset.py": [
      {
        "type": "Secret Keyword",
        "filename": "tests/test_password_reset.py",
        "hashed_secret": "5ba3551ca4d1d3f20cb0849c22a275ab01dcbb0a",
        "is_verified": false,
        "line_number": 138
      },
      {
        "type": "Secret Keyword",
        "filename": "tests/test_password_reset.py",
        "hashed_secret": "b04d7fabad7147c5c2684233b55243813f7b63ad",
        "is_verified": false,
        "line_number": 189
      },
      {
        "type": "Secret Keyword",
        "filename": "tests/test_password_reset.py",
        "hashed_secret": "24d66b03a3d9f00bce0619250e761e83649bcfbe",
        "is_verified": false,
        "line_number": 213
      },
      {
        "type": "Secret Keyword",
        "filename": "tests/test_password_reset.py",
        "hashed_secret": "d4927dda05af693bff7dfd4c7b40eafb0ef92a78",
        "is_verified": false,
        "line_number": 227
      },
      {
        "type": "Secret Keyword",
        "filename": "tests/test_password_reset.py",
        "hashed_secret": "aed9cbe8bc3419e52aaa735013d49f2e44fe1e02",
        "is_verified": false,
        "line_number": 239
      }
    ],
    "tests/test_rate_limit_buckets.py": [
      {
        "type": "Secret Keyword",
        "filename": "tests/test_rate_limit_buckets.py",
        "hashed_secret": "5ba3551ca4d1d3f20cb0849c22a275ab01dcbb0a",
        "is_verified": false,
        "line_number": 98
      },
      {
        "type": "Secret Keyword",
        "filename": "tests/test_rate_limit_buckets.py",
        "hashed_secret": "792c5d769a23f50680f455a80106268c3e4757de",
        "is_verified": false,
        "line_number": 263
      }
    ],
    "tests/test_rbac_redis.py": [
      {
        "type": "Basic Auth Credentials",
        "filename": "tests/test_rbac_redis.py",
        "hashed_secret": "2f7f8ad40fbad396dabb36f64ee5890e89a89d2f",
        "is_verified": false,
        "line_number": 64
      },
      {
        "type": "Secret Keyword",
        "filename": "tests/test_rbac_redis.py",
        "hashed_secret": "7b902e6ff1db9f560443f2048974fd7d386975b0",
        "is_verified": false,
        "line_number": 251
      }
    ],
    "tests/test_recovery_codes.py": [
      {
        "type": "Hex High Entropy String",
        "filename": "tests/test_recovery_codes.py",
        "hashed_secret": "b348fba77f3ba7bf2d35b69603a0f685b4ab5079",
        "is_verified": false,
        "line_number": 80
      }
    ],
    "tests/test_webhook_delivery.py": [
      {
        "type": "Basic Auth Credentials",
        "filename": "tests/test_webhook_delivery.py",
        "hashed_secret": "2f7f8ad40fbad396dabb36f64ee5890e89a89d2f",
        "is_verified": false,
        "line_number": 61
      },
      {
        "type": "Secret Keyword",
        "filename": "tests/test_webhook_delivery.py",
        "hashed_secret": "ac34f2bf7959e92d81325ee2a5184bd91d9dd17d",
        "is_verified": false,
        "line_number": 127
      }
    ]
  },
  "generated_at": "2026-06-07T14:16:09Z"
}
